20:11:53 INFO TalentoTech Completando con los datos de usuario
20:12:14 INFO TalentoTech Completando con los datos de usuario
20:34:12 INFO TalentoTech Completando con los datos de usuario
20:34:30 INFO TalentoTech Completando con los datos de usuario
09:13:13 INFO TalentoTech Completando con los datos de usuario
09:13:31 INFO TalentoTech Completando con los datos de usuario
09:18:04 INFO TalentoTech Completando con los datos de usuario
09:18:23 INFO TalentoTech Completando con los datos de usuario
09:19:15 INFO TalentoTech Completando con los datos de usuario
09:19:35 INFO TalentoTech Completando con los datos de usuario
09:26:30 INFO TalentoTech Completando con los datos de usuario
09:26:49 INFO TalentoTech Completando con los datos de usuario
09:32:21 INFO TalentoTech Completando con los datos de usuario
09:32:41 INFO TalentoTech Completando con los datos de usuario
15:50:33 INFO TalentoTech Completanto con los datos de usuario
15:50:33 INFO TalentoTech Verificando redireccionamiento dentro de la pagina
15:50:33 INFO TalentoTech Test de login completado
15:50:43 INFO TalentoTech Completanto con los datos de usuario
2025-12-01 15:53:32 INFO TalentoTech: Completanto con los datos de usuario
2025-12-01 15:53:32 INFO TalentoTech: Verificando redireccionamiento dentro de la pagina
2025-12-01 15:53:32 INFO TalentoTech: Test de login completado
2025-12-01 15:53:41 INFO TalentoTech: Completanto con los datos de usuario
